Archive member included because of file (symbol)

c:/program files/atmel/atmel toolchain/avr8 gcc/native/3.4.1056/avr8-gnu-toolchain/bin/../lib/gcc/avr/4.8.1/avr5\libgcc.a(_exit.o)
                              c:/program files/atmel/atmel toolchain/avr8 gcc/native/3.4.1056/avr8-gnu-toolchain/bin/../lib/gcc/avr/4.8.1/../../../../avr/lib/avr5/crtm328p.o (exit)
c:/program files/atmel/atmel toolchain/avr8 gcc/native/3.4.1056/avr8-gnu-toolchain/bin/../lib/gcc/avr/4.8.1/avr5\libgcc.a(_tablejump.o)
                              Drivers/TWI_Master.o (__tablejump2__)
c:/program files/atmel/atmel toolchain/avr8 gcc/native/3.4.1056/avr8-gnu-toolchain/bin/../lib/gcc/avr/4.8.1/avr5\libgcc.a(_copy_data.o)
                              commTask.o (__do_copy_data)
c:/program files/atmel/atmel toolchain/avr8 gcc/native/3.4.1056/avr8-gnu-toolchain/bin/../lib/gcc/avr/4.8.1/avr5\libgcc.a(_clear_bss.o)
                              commTask.o (__do_clear_bss)
c:/program files/atmel/atmel toolchain/avr8 gcc/native/3.4.1056/avr8-gnu-toolchain/bin/../lib/gcc/avr/4.8.1/../../../../avr/lib/avr5\libc.a(memcpy.o)
                              Drivers/BareBones/BareBonesWHT.o (memcpy)

Allocating common symbols
Common symbol       size              file

dataReadySemaphore  0x2               sensorTask.o
frameHandle         0x2               Drivers/serial.o
TWI_msgSize         0x1               Drivers/TWI_Master.o
DataToSend          0x2               sensorTask.o
xSensorHandle       0x2               sensorTask.o
moteReadySemaphore  0x2               commTask.o
moteData            0x93              Drivers/serial.o
TWI_buf             0xa               Drivers/TWI_Master.o

Discarded input sections

 .bss           0x00000000        0x0 c:/program files/atmel/atmel toolchain/avr8 gcc/native/3.4.1056/avr8-gnu-toolchain/bin/../lib/gcc/avr/4.8.1/../../../../avr/lib/avr5/crtm328p.o
 .text          0x00000000        0x0 commTask.o
 .bss           0x00000000        0x0 commTask.o
 .text          0x00000000        0x0 Drivers/BareBones/BareBonesWHT.o
 .bss           0x00000000        0x0 Drivers/BareBones/BareBonesWHT.o
 .progmem.data.bootEvent1
                0x00000000        0xc Drivers/BareBones/BareBonesWHT.o
 .text          0x00000000        0x0 Drivers/BareBones/hdlc/fcs.o
 .bss           0x00000000        0x0 Drivers/BareBones/hdlc/fcs.o
 .text          0x00000000        0x0 Drivers/BareBones/hdlc/hdlc.o
 .bss           0x00000000        0x0 Drivers/BareBones/hdlc/hdlc.o
 .text          0x00000000        0x0 Drivers/LED.o
 .bss           0x00000000        0x0 Drivers/LED.o
 .text          0x00000000        0x0 Drivers/serial.o
 .bss           0x00000000        0x0 Drivers/serial.o
 .text          0x00000000        0x0 Drivers/TWI_Master.o
 .bss           0x00000000        0x0 Drivers/TWI_Master.o
 .text.TWI_Transceiver_Busy
                0x00000000        0x6 Drivers/TWI_Master.o
 .text.TWI_Get_State_Info
                0x00000000        0xe Drivers/TWI_Master.o
 .text.TWI_Start_Transceiver
                0x00000000       0x1a Drivers/TWI_Master.o
 .text          0x00000000        0x0 FreeRTOSatmega328p.o
 .bss           0x00000000        0x0 FreeRTOSatmega328p.o
 .text          0x00000000        0x0 mytasks.o
 .bss           0x00000000        0x0 mytasks.o
 .text          0x00000000        0x0 sensorTask.o
 .bss           0x00000000        0x0 sensorTask.o
 .text          0x00000000        0x0 Source/croutine.o
 .bss           0x00000000        0x0 Source/croutine.o
 .text          0x00000000        0x0 Source/event_groups.o
 .bss           0x00000000        0x0 Source/event_groups.o
 .text.xEventGroupCreate
                0x00000000       0x26 Source/event_groups.o
 .text.xEventGroupWaitBits
                0x00000000      0x10c Source/event_groups.o
 .text.xEventGroupClearBits
                0x00000000       0x1e Source/event_groups.o
 .text.xEventGroupGetBitsFromISR
                0x00000000        0x8 Source/event_groups.o
 .text.xEventGroupSetBits
                0x00000000       0xdc Source/event_groups.o
 .text.xEventGroupSync
                0x00000000       0xce Source/event_groups.o
 .text.vEventGroupDelete
                0x00000000       0x32 Source/event_groups.o
 .text.vEventGroupSetBitsCallback
                0x00000000        0x8 Source/event_groups.o
 .text.vEventGroupClearBitsCallback
                0x00000000        0x8 Source/event_groups.o
 .text          0x00000000        0x0 Source/list.o
 .bss           0x00000000        0x0 Source/list.o
 .text          0x00000000        0x0 Source/portable/GCC/ATmega328p/port.o
 .bss           0x00000000        0x0 Source/portable/GCC/ATmega328p/port.o
 .text.vPortEndScheduler
                0x00000000        0x2 Source/portable/GCC/ATmega328p/port.o
 .text          0x00000000        0x0 Source/portable/MemMang/heap_1.o
 .bss           0x00000000        0x0 Source/portable/MemMang/heap_1.o
 .text.vPortInitialiseBlocks
                0x00000000        0xa Source/portable/MemMang/heap_1.o
 .text.xPortGetFreeHeapSize
                0x00000000       0x12 Source/portable/MemMang/heap_1.o
 .text          0x00000000        0x0 Source/queue.o
 .bss           0x00000000        0x0 Source/queue.o
 .text.xQueueGenericSendFromISR
                0x00000000       0x68 Source/queue.o
 .text.xQueuePeekFromISR
                0x00000000       0x2e Source/queue.o
 .text.uxQueueMessagesWaiting
                0x00000000       0x10 Source/queue.o
 .text.uxQueueSpacesAvailable
                0x00000000       0x16 Source/queue.o
 .text.uxQueueMessagesWaitingFromISR
                0x00000000        0x6 Source/queue.o
 .text.vQueueDelete
                0x00000000        0x6 Source/queue.o
 .text.xQueueIsQueueEmptyFromISR
                0x00000000        0xc Source/queue.o
 .text.xQueueIsQueueFullFromISR
                0x00000000        0xe Source/queue.o
 .text          0x00000000        0x0 Source/tasks.o
 .bss           0x00000000        0x0 Source/tasks.o
 .text.vTaskResume
                0x00000000       0x98 Source/tasks.o
 .text.xTaskResumeFromISR
                0x00000000       0xaa Source/tasks.o
 .text.vTaskEndScheduler
                0x00000000        0xc Source/tasks.o
 .text.xTaskGetTickCountFromISR
                0x00000000        0xa Source/tasks.o
 .text.uxTaskGetNumberOfTasks
                0x00000000        0x6 Source/tasks.o
 .text.vTaskPlaceOnUnorderedEventList
                0x00000000       0x66 Source/tasks.o
 .text.xTaskRemoveFromUnorderedEventList
                0x00000000       0x74 Source/tasks.o
 .text.uxTaskResetEventItemValue
                0x00000000       0x2e Source/tasks.o
 .text.ulTaskNotifyTake
                0x00000000       0xea Source/tasks.o
 .text.xTaskNotifyWait
                0x00000000      0x13e Source/tasks.o
 .text.xTaskGenericNotify
                0x00000000      0x10a Source/tasks.o
 .text.xTaskGenericNotifyFromISR
                0x00000000      0x12a Source/tasks.o
 .text.vTaskNotifyGiveFromISR
                0x00000000       0xae Source/tasks.o
 .text          0x00000000        0x0 Source/timers.o
 .bss           0x00000000        0x0 Source/timers.o
 .text          0x00000000        0x0 c:/program files/atmel/atmel toolchain/avr8 gcc/native/3.4.1056/avr8-gnu-toolchain/bin/../lib/gcc/avr/4.8.1/avr5\libgcc.a(_exit.o)
 .bss           0x00000000        0x0 c:/program files/atmel/atmel toolchain/avr8 gcc/native/3.4.1056/avr8-gnu-toolchain/bin/../lib/gcc/avr/4.8.1/avr5\libgcc.a(_exit.o)
 .text.libgcc.mul
                0x00000000        0x0 c:/program files/atmel/atmel toolchain/avr8 gcc/native/3.4.1056/avr8-gnu-toolchain/bin/../lib/gcc/avr/4.8.1/avr5\libgcc.a(_exit.o)
 .text.libgcc.div
                0x00000000        0x0 c:/program files/atmel/atmel toolchain/avr8 gcc/native/3.4.1056/avr8-gnu-toolchain/bin/../lib/gcc/avr/4.8.1/avr5\libgcc.a(_exit.o)
 .text.libgcc   0x00000000        0x0 c:/program files/atmel/atmel toolchain/avr8 gcc/native/3.4.1056/avr8-gnu-toolchain/bin/../lib/gcc/avr/4.8.1/avr5\libgcc.a(_exit.o)
 .text.libgcc.prologue
                0x00000000        0x0 c:/program files/atmel/atmel toolchain/avr8 gcc/native/3.4.1056/avr8-gnu-toolchain/bin/../lib/gcc/avr/4.8.1/avr5\libgcc.a(_exit.o)
 .text.libgcc.builtins
                0x00000000        0x0 c:/program files/atmel/atmel toolchain/avr8 gcc/native/3.4.1056/avr8-gnu-toolchain/bin/../lib/gcc/avr/4.8.1/avr5\libgcc.a(_exit.o)
 .text.libgcc.fmul
                0x00000000        0x0 c:/program files/atmel/atmel toolchain/avr8 gcc/native/3.4.1056/avr8-gnu-toolchain/bin/../lib/gcc/avr/4.8.1/avr5\libgcc.a(_exit.o)
 .text.libgcc.fixed
                0x00000000        0x0 c:/program files/atmel/atmel toolchain/avr8 gcc/native/3.4.1056/avr8-gnu-toolchain/bin/../lib/gcc/avr/4.8.1/avr5\libgcc.a(_exit.o)
 .text          0x00000000        0x0 c:/program files/atmel/atmel toolchain/avr8 gcc/native/3.4.1056/avr8-gnu-toolchain/bin/../lib/gcc/avr/4.8.1/avr5\libgcc.a(_tablejump.o)
 .bss           0x00000000        0x0 c:/program files/atmel/atmel toolchain/avr8 gcc/native/3.4.1056/avr8-gnu-toolchain/bin/../lib/gcc/avr/4.8.1/avr5\libgcc.a(_tablejump.o)
 .text.libgcc.mul
                0x00000000        0x0 c:/program files/atmel/atmel toolchain/avr8 gcc/native/3.4.1056/avr8-gnu-toolchain/bin/../lib/gcc/avr/4.8.1/avr5\libgcc.a(_tablejump.o)
 .text.libgcc.div
                0x00000000        0x0 c:/program files/atmel/atmel toolchain/avr8 gcc/native/3.4.1056/avr8-gnu-toolchain/bin/../lib/gcc/avr/4.8.1/avr5\libgcc.a(_tablejump.o)
 .text.libgcc.prologue
                0x00000000        0x0 c:/program files/atmel/atmel toolchain/avr8 gcc/native/3.4.1056/avr8-gnu-toolchain/bin/../lib/gcc/avr/4.8.1/avr5\libgcc.a(_tablejump.o)
 .text.libgcc.builtins
                0x00000000        0x0 c:/program files/atmel/atmel toolchain/avr8 gcc/native/3.4.1056/avr8-gnu-toolchain/bin/../lib/gcc/avr/4.8.1/avr5\libgcc.a(_tablejump.o)
 .text.libgcc.fmul
                0x00000000        0x0 c:/program files/atmel/atmel toolchain/avr8 gcc/native/3.4.1056/avr8-gnu-toolchain/bin/../lib/gcc/avr/4.8.1/avr5\libgcc.a(_tablejump.o)
 .text.libgcc.fixed
                0x00000000        0x0 c:/program files/atmel/atmel toolchain/avr8 gcc/native/3.4.1056/avr8-gnu-toolchain/bin/../lib/gcc/avr/4.8.1/avr5\libgcc.a(_tablejump.o)
 .text          0x00000000        0x0 c:/program files/atmel/atmel toolchain/avr8 gcc/native/3.4.1056/avr8-gnu-toolchain/bin/../lib/gcc/avr/4.8.1/avr5\libgcc.a(_copy_data.o)
 .bss           0x00000000        0x0 c:/program files/atmel/atmel toolchain/avr8 gcc/native/3.4.1056/avr8-gnu-toolchain/bin/../lib/gcc/avr/4.8.1/avr5\libgcc.a(_copy_data.o)
 .text.libgcc.mul
                0x00000000        0x0 c:/program files/atmel/atmel toolchain/avr8 gcc/native/3.4.1056/avr8-gnu-toolchain/bin/../lib/gcc/avr/4.8.1/avr5\libgcc.a(_copy_data.o)
 .text.libgcc.div
                0x00000000        0x0 c:/program files/atmel/atmel toolchain/avr8 gcc/native/3.4.1056/avr8-gnu-toolchain/bin/../lib/gcc/avr/4.8.1/avr5\libgcc.a(_copy_data.o)
 .text.libgcc   0x00000000        0x0 c:/program files/atmel/atmel toolchain/avr8 gcc/native/3.4.1056/avr8-gnu-toolchain/bin/../lib/gcc/avr/4.8.1/avr5\libgcc.a(_copy_data.o)
 .text.libgcc.prologue
                0x00000000        0x0 c:/program files/atmel/atmel toolchain/avr8 gcc/native/3.4.1056/avr8-gnu-toolchain/bin/../lib/gcc/avr/4.8.1/avr5\libgcc.a(_copy_data.o)
 .text.libgcc.builtins
                0x00000000        0x0 c:/program files/atmel/atmel toolchain/avr8 gcc/native/3.4.1056/avr8-gnu-toolchain/bin/../lib/gcc/avr/4.8.1/avr5\libgcc.a(_copy_data.o)
 .text.libgcc.fmul
                0x00000000        0x0 c:/program files/atmel/atmel toolchain/avr8 gcc/native/3.4.1056/avr8-gnu-toolchain/bin/../lib/gcc/avr/4.8.1/avr5\libgcc.a(_copy_data.o)
 .text.libgcc.fixed
                0x00000000        0x0 c:/program files/atmel/atmel toolchain/avr8 gcc/native/3.4.1056/avr8-gnu-toolchain/bin/../lib/gcc/avr/4.8.1/avr5\libgcc.a(_copy_data.o)
 .text          0x00000000        0x0 c:/program files/atmel/atmel toolchain/avr8 gcc/native/3.4.1056/avr8-gnu-toolchain/bin/../lib/gcc/avr/4.8.1/avr5\libgcc.a(_clear_bss.o)
 .bss           0x00000000        0x0 c:/program files/atmel/atmel toolchain/avr8 gcc/native/3.4.1056/avr8-gnu-toolchain/bin/../lib/gcc/avr/4.8.1/avr5\libgcc.a(_clear_bss.o)
 .text.libgcc.mul
                0x00000000        0x0 c:/program files/atmel/atmel toolchain/avr8 gcc/native/3.4.1056/avr8-gnu-toolchain/bin/../lib/gcc/avr/4.8.1/avr5\libgcc.a(_clear_bss.o)
 .text.libgcc.div
                0x00000000        0x0 c:/program files/atmel/atmel toolchain/avr8 gcc/native/3.4.1056/avr8-gnu-toolchain/bin/../lib/gcc/avr/4.8.1/avr5\libgcc.a(_clear_bss.o)
 .text.libgcc   0x00000000        0x0 c:/program files/atmel/atmel toolchain/avr8 gcc/native/3.4.1056/avr8-gnu-toolchain/bin/../lib/gcc/avr/4.8.1/avr5\libgcc.a(_clear_bss.o)
 .text.libgcc.prologue
                0x00000000        0x0 c:/program files/atmel/atmel toolchain/avr8 gcc/native/3.4.1056/avr8-gnu-toolchain/bin/../lib/gcc/avr/4.8.1/avr5\libgcc.a(_clear_bss.o)
 .text.libgcc.builtins
                0x00000000        0x0 c:/program files/atmel/atmel toolchain/avr8 gcc/native/3.4.1056/avr8-gnu-toolchain/bin/../lib/gcc/avr/4.8.1/avr5\libgcc.a(_clear_bss.o)
 .text.libgcc.fmul
                0x00000000        0x0 c:/program files/atmel/atmel toolchain/avr8 gcc/native/3.4.1056/avr8-gnu-toolchain/bin/../lib/gcc/avr/4.8.1/avr5\libgcc.a(_clear_bss.o)
 .text.libgcc.fixed
                0x00000000        0x0 c:/program files/atmel/atmel toolchain/avr8 gcc/native/3.4.1056/avr8-gnu-toolchain/bin/../lib/gcc/avr/4.8.1/avr5\libgcc.a(_clear_bss.o)
 .text          0x00000000        0x0 c:/program files/atmel/atmel toolchain/avr8 gcc/native/3.4.1056/avr8-gnu-toolchain/bin/../lib/gcc/avr/4.8.1/../../../../avr/lib/avr5\libc.a(memcpy.o)
 .bss           0x00000000        0x0 c:/program files/atmel/atmel toolchain/avr8 gcc/native/3.4.1056/avr8-gnu-toolchain/bin/../lib/gcc/avr/4.8.1/../../../../avr/lib/avr5\libc.a(memcpy.o)

Memory Configuration

Name             Origin             Length             Attributes
text             0x00000000         0x00020000         xr
data             0x00800060         0x0000ffa0         rw !x
eeprom           0x00810000         0x00010000         rw !x
fuse             0x00820000         0x00000400         rw !x
lock             0x00830000         0x00000400         rw !x
signature        0x00840000         0x00000400         rw !x
user_signatures  0x00850000         0x00000400         rw !x
*default*        0x00000000         0xffffffff

Linker script and memory map

Address of section .data set to 0x800100
LOAD c:/program files/atmel/atmel toolchain/avr8 gcc/native/3.4.1056/avr8-gnu-toolchain/bin/../lib/gcc/avr/4.8.1/../../../../avr/lib/avr5/crtm328p.o
LOAD commTask.o
LOAD Drivers/BareBones/BareBonesWHT.o
LOAD Drivers/BareBones/hdlc/fcs.o
LOAD Drivers/BareBones/hdlc/hdlc.o
LOAD Drivers/LED.o
LOAD Drivers/serial.o
LOAD Drivers/TWI_Master.o
LOAD FreeRTOSatmega328p.o
LOAD mytasks.o
LOAD sensorTask.o
LOAD Source/croutine.o
LOAD Source/event_groups.o
LOAD Source/list.o
LOAD Source/portable/GCC/ATmega328p/port.o
LOAD Source/portable/MemMang/heap_1.o
LOAD Source/queue.o
LOAD Source/tasks.o
LOAD Source/timers.o
START GROUP
LOAD c:/program files/atmel/atmel toolchain/avr8 gcc/native/3.4.1056/avr8-gnu-toolchain/bin/../lib/gcc/avr/4.8.1/../../../../avr/lib/avr5\libm.a
END GROUP
START GROUP
LOAD c:/program files/atmel/atmel toolchain/avr8 gcc/native/3.4.1056/avr8-gnu-toolchain/bin/../lib/gcc/avr/4.8.1/avr5\libgcc.a
LOAD c:/program files/atmel/atmel toolchain/avr8 gcc/native/3.4.1056/avr8-gnu-toolchain/bin/../lib/gcc/avr/4.8.1/../../../../avr/lib/avr5\libm.a
LOAD c:/program files/atmel/atmel toolchain/avr8 gcc/native/3.4.1056/avr8-gnu-toolchain/bin/../lib/gcc/avr/4.8.1/../../../../avr/lib/avr5\libc.a
END GROUP

.hash
 *(.hash)

.dynsym
 *(.dynsym)

.dynstr
 *(.dynstr)

.gnu.version
 *(.gnu.version)

.gnu.version_d
 *(.gnu.version_d)

.gnu.version_r
 *(.gnu.version_r)

.rel.init
 *(.rel.init)

.rela.init
 *(.rela.init)

.rel.text
 *(.rel.text)
 *(.rel.text.*)
 *(.rel.gnu.linkonce.t*)

.rela.text
 *(.rela.text)
 *(.rela.text.*)
 *(.rela.gnu.linkonce.t*)

.rel.fini
 *(.rel.fini)

.rela.fini
 *(.rela.fini)

.rel.rodata
 *(.rel.rodata)
 *(.rel.rodata.*)
 *(.rel.gnu.linkonce.r*)

.rela.rodata
 *(.rela.rodata)
 *(.rela.rodata.*)
 *(.rela.gnu.linkonce.r*)

.rel.data
 *(.rel.data)
 *(.rel.data.*)
 *(.rel.gnu.linkonce.d*)

.rela.data
 *(.rela.data)
 *(.rela.data.*)
 *(.rela.gnu.linkonce.d*)

.rel.ctors
 *(.rel.ctors)

.rela.ctors
 *(.rela.ctors)

.rel.dtors
 *(.rel.dtors)

.rela.dtors
 *(.rela.dtors)

.rel.got
 *(.rel.got)

.rela.got
 *(.rela.got)

.rel.bss
 *(.rel.bss)

.rela.bss
 *(.rela.bss)

.rel.plt
 *(.rel.plt)

.rela.plt
 *(.rela.plt)

.text           0x00000000     0x2678
 *(.vectors)
 .vectors       0x00000000       0x68 c:/program files/atmel/atmel toolchain/avr8 gcc/native/3.4.1056/avr8-gnu-toolchain/bin/../lib/gcc/avr/4.8.1/../../../../avr/lib/avr5/crtm328p.o
                0x00000000                __vector_default
                0x00000000                __vectors
 *(.vectors)
 *(.progmem.gcc*)
 .progmem.gcc_sw_table.__vector_24
                0x00000068       0xa2 Drivers/TWI_Master.o
                0x0000010a                . = ALIGN (0x2)
                0x0000010a                __trampolines_start = .
 *(.trampolines)
 .trampolines   0x0000010a        0x0 linker stubs
 *(.trampolines*)
                0x0000010a                __trampolines_end = .
 *(.progmem*)
 .progmem.data.sendACK
                0x0000010a        0x4 Drivers/BareBones/BareBonesWHT.o
                0x0000010a                sendACK
 .progmem.data.setServiceACK
                0x0000010e        0x6 Drivers/BareBones/BareBonesWHT.o
                0x0000010e                setServiceACK
 .progmem.data.setService
                0x00000114        0xd Drivers/BareBones/BareBonesWHT.o
                0x00000114                setService
 .progmem.data.serviceACK
                0x00000121        0x4 Drivers/BareBones/BareBonesWHT.o
                0x00000121                serviceACK
 .progmem.data.svcIndication
                0x00000125        0xf Drivers/BareBones/BareBonesWHT.o
                0x00000125                svcIndication
 .progmem.data.operationalEvent
                0x00000134        0xc Drivers/BareBones/BareBonesWHT.o
                0x00000134                operationalEvent
 .progmem.data.alarmEvent
                0x00000140        0xc Drivers/BareBones/BareBonesWHT.o
                0x00000140                alarmEvent
 .progmem.data.negotiatingEvent
                0x0000014c        0xc Drivers/BareBones/BareBonesWHT.o
                0x0000014c                negotiatingEvent
 .progmem.data.moteSearchingEvent
                0x00000158        0xc Drivers/BareBones/BareBonesWHT.o
                0x00000158                moteSearchingEvent
 .progmem.data.joinACK
                0x00000164        0x4 Drivers/BareBones/BareBonesWHT.o
                0x00000164                joinACK
 .progmem.data.joinCommand
                0x00000168        0x3 Drivers/BareBones/BareBonesWHT.o
                0x00000168                joinCommand
 .progmem.data.eventACK
                0x0000016b        0x4 Drivers/BareBones/BareBonesWHT.o
 .progmem.data.bootEvent
                0x0000016f        0xc Drivers/BareBones/BareBonesWHT.o
 .progmem.data.fcstab
                0x0000017b      0x200 Drivers/BareBones/hdlc/fcs.o
                0x0000037c                . = ALIGN (0x2)
 *fill*         0x0000037b        0x1 
 *(.jumptables)
 *(.jumptables*)
 *(.lowtext)
 *(.lowtext*)
                0x0000037c                __ctors_start = .
 *(.ctors)
                0x0000037c                __ctors_end = .
                0x0000037c                __dtors_start = .
 *(.dtors)
                0x0000037c                __dtors_end = .
 SORT(*)(.ctors)
 SORT(*)(.dtors)
 *(.init0)
 .init0         0x0000037c        0x0 c:/program files/atmel/atmel toolchain/avr8 gcc/native/3.4.1056/avr8-gnu-toolchain/bin/../lib/gcc/avr/4.8.1/../../../../avr/lib/avr5/crtm328p.o
                0x0000037c                __init
 *(.init0)
 *(.init1)
 *(.init1)
 *(.init2)
 .init2         0x0000037c        0xc c:/program files/atmel/atmel toolchain/avr8 gcc/native/3.4.1056/avr8-gnu-toolchain/bin/../lib/gcc/avr/4.8.1/../../../../avr/lib/avr5/crtm328p.o
 *(.init2)
 *(.init3)
 *(.init3)
 *(.init4)
 .init4         0x00000388       0x16 c:/program files/atmel/atmel toolchain/avr8 gcc/native/3.4.1056/avr8-gnu-toolchain/bin/../lib/gcc/avr/4.8.1/avr5\libgcc.a(_copy_data.o)
                0x00000388                __do_copy_data
 .init4         0x0000039e       0x10 c:/program files/atmel/atmel toolchain/avr8 gcc/native/3.4.1056/avr8-gnu-toolchain/bin/../lib/gcc/avr/4.8.1/avr5\libgcc.a(_clear_bss.o)
                0x0000039e                __do_clear_bss
 *(.init4)
 *(.init5)
 *(.init5)
 *(.init6)
 *(.init6)
 *(.init7)
 *(.init7)
 *(.init8)
 *(.init8)
 *(.init9)
 .init9         0x000003ae        0x8 c:/program files/atmel/atmel toolchain/avr8 gcc/native/3.4.1056/avr8-gnu-toolchain/bin/../lib/gcc/avr/4.8.1/../../../../avr/lib/avr5/crtm328p.o
 *(.init9)
 *(.text)
 .text          0x000003b6        0x4 c:/program files/atmel/atmel toolchain/avr8 gcc/native/3.4.1056/avr8-gnu-toolchain/bin/../lib/gcc/avr/4.8.1/../../../../avr/lib/avr5/crtm328p.o
                0x000003b6                __vector_22
                0x000003b6                __vector_12
                0x000003b6                __bad_interrupt
                0x000003b6                __vector_6
                0x000003b6                __vector_3
                0x000003b6                __vector_23
                0x000003b6                __vector_25
                0x000003b6                __vector_13
                0x000003b6                __vector_17
                0x000003b6                __vector_7
                0x000003b6                __vector_5
                0x000003b6                __vector_4
                0x000003b6                __vector_9
                0x000003b6                __vector_2
                0x000003b6                __vector_21
                0x000003b6                __vector_15
                0x000003b6                __vector_8
                0x000003b6                __vector_14
                0x000003b6                __vector_10
                0x000003b6                __vector_16
                0x000003b6                __vector_20
                0x000003ba                . = ALIGN (0x2)
 *(.text.*)
 .text.xMoteTask
                0x000003ba       0x4c commTask.o
                0x000003ba                xMoteTask
 .text.startCommTasks
                0x00000406       0x58 commTask.o
                0x00000406                startCommTasks
 .text.InterruptReception
                0x0000045e       0x7e Drivers/BareBones/BareBonesWHT.o
                0x0000045e                InterruptReception
 .text.serialMoteSendArray
                0x000004dc       0x38 Drivers/BareBones/BareBonesWHT.o
                0x000004dc                serialMoteSendArray
 .text.compareBuffer
                0x00000514       0x32 Drivers/BareBones/BareBonesWHT.o
                0x00000514                compareBuffer
 .text.MoteInitialization
                0x00000546      0x29e Drivers/BareBones/BareBonesWHT.o
                0x00000546                MoteInitialization
 .text.MoteSvcInitialization
                0x000007e4       0xd6 Drivers/BareBones/BareBonesWHT.o
                0x000007e4                MoteSvcInitialization
 .text.compareBuffer_D
                0x000008ba       0x30 Drivers/BareBones/BareBonesWHT.o
                0x000008ba                compareBuffer_D
 .text.sendData
                0x000008ea       0xc0 Drivers/BareBones/BareBonesWHT.o
                0x000008ea                sendData
 .text.fcs_fcs16
                0x000009aa       0x1c Drivers/BareBones/hdlc/fcs.o
                0x000009aa                fcs_fcs16
 .text.fcs_calcFcs
                0x000009c6       0x3e Drivers/BareBones/hdlc/fcs.o
                0x000009c6                fcs_calcFcs
 .text.fcs_calcFcs_D
                0x00000a04       0x3a Drivers/BareBones/hdlc/fcs.o
                0x00000a04                fcs_calcFcs_D
 .text.hdlc_decode
                0x00000a3e      0x102 Drivers/BareBones/hdlc/hdlc.o
                0x00000a3e                hdlc_decode
 .text.hdlc_stuffByte
                0x00000b40       0x20 Drivers/BareBones/hdlc/hdlc.o
                0x00000b40                hdlc_stuffByte
 .text.hdlc_encode_D
                0x00000b60       0xba Drivers/BareBones/hdlc/hdlc.o
                0x00000b60                hdlc_encode_D
 .text.hdlc_encode
                0x00000c1a       0xbc Drivers/BareBones/hdlc/hdlc.o
                0x00000c1a                hdlc_encode
 .text.vLEDInit
                0x00000cd6        0x8 Drivers/LED.o
                0x00000cd6                vLEDInit
 .text.vLEDToggle
                0x00000cde        0xa Drivers/LED.o
                0x00000cde                vLEDToggle
 .text.serialMoteReceive
                0x00000ce8        0x6 Drivers/serial.o
                0x00000ce8                serialMoteReceive
 .text.xSerialPortInitMinimal
                0x00000cee       0x4a Drivers/serial.o
                0x00000cee                xSerialPortInitMinimal
 .text.xSerialPutChar
                0x00000d38       0x3a Drivers/serial.o
                0x00000d38                xSerialPutChar
 .text.serialMoteSend
                0x00000d72       0x10 Drivers/serial.o
                0x00000d72                serialMoteSend
 .text.__vector_18
                0x00000d82       0x60 Drivers/serial.o
                0x00000d82                __vector_18
 .text.__vector_19
                0x00000de2       0x82 Drivers/serial.o
                0x00000de2                __vector_19
 .text.sendMoteData
                0x00000e64        0xc Drivers/serial.o
                0x00000e64                sendMoteData
 .text.configureMote
                0x00000e70       0x3e Drivers/serial.o
                0x00000e70                configureMote
 .text.TWI_Master_Initialise
                0x00000eae        0xc Drivers/TWI_Master.o
                0x00000eae                TWI_Master_Initialise
 .text.TWI_Start_Transceiver_With_Data
                0x00000eba       0x56 Drivers/TWI_Master.o
                0x00000eba                TWI_Start_Transceiver_With_Data
 .text.TWI_Get_Data_From_Transceiver
                0x00000f10       0x34 Drivers/TWI_Master.o
                0x00000f10                TWI_Get_Data_From_Transceiver
 .text.__vector_24
                0x00000f44      0x122 Drivers/TWI_Master.o
                0x00000f44                __vector_24
 .text.main     0x00001066       0x34 FreeRTOSatmega328p.o
                0x00001066                main
 .text.vLEDFlashTask
                0x0000109a       0x28 mytasks.o
                0x0000109a                vLEDFlashTask
 .text.xSensorTask
                0x000010c2      0x1be sensorTask.o
                0x000010c2                xSensorTask
 .text.startSensorTasks
                0x00001280       0x48 sensorTask.o
                0x00001280                startSensorTasks
 .text.__vector_1
                0x000012c8       0x54 sensorTask.o
                0x000012c8                __vector_1
 .text.vListInitialise
                0x0000131c       0x1c Source/list.o
                0x0000131c                vListInitialise
 .text.vListInitialiseItem
                0x00001338        0x8 Source/list.o
                0x00001338                vListInitialiseItem
 .text.vListInsertEnd
                0x00001340       0x42 Source/list.o
                0x00001340                vListInsertEnd
 .text.vListInsert
                0x00001382       0x62 Source/list.o
                0x00001382                vListInsert
 .text.uxListRemove
                0x000013e4       0x4c Source/list.o
                0x000013e4                uxListRemove
 .text.pxPortInitialiseStack
                0x00001430       0xd8 Source/portable/GCC/ATmega328p/port.o
                0x00001430                pxPortInitialiseStack
 .text.xPortStartScheduler
                0x00001508       0x74 Source/portable/GCC/ATmega328p/port.o
                0x00001508                xPortStartScheduler
 .text.vPortYield
                0x0000157c       0xb2 Source/portable/GCC/ATmega328p/port.o
                0x0000157c                vPortYield
 .text.vPortYieldFromTick
                0x0000162e       0xb8 Source/portable/GCC/ATmega328p/port.o
                0x0000162e                vPortYieldFromTick
 .text.__vector_11
                0x000016e6        0x6 Source/portable/GCC/ATmega328p/port.o
                0x000016e6                __vector_11
 .text.pvPortMalloc
                0x000016ec       0x6a Source/portable/MemMang/heap_1.o
                0x000016ec                pvPortMalloc
 .text.vPortFree
                0x00001756        0x2 Source/portable/MemMang/heap_1.o
                0x00001756                vPortFree
 .text.prvCopyDataToQueue
                0x00001758       0x9a Source/queue.o
 .text.prvCopyDataFromQueue
                0x000017f2       0x34 Source/queue.o
 .text.prvUnlockQueue
                0x00001826       0x94 Source/queue.o
 .text.xQueueGenericReset
                0x000018ba       0x7a Source/queue.o
                0x000018ba                xQueueGenericReset
 .text.xQueueGenericCreate
                0x00001934       0x5c Source/queue.o
                0x00001934                xQueueGenericCreate
 .text.xQueueGenericSend
                0x00001990      0x144 Source/queue.o
                0x00001990                xQueueGenericSend
 .text.xQueueGiveFromISR
                0x00001ad4       0x56 Source/queue.o
                0x00001ad4                xQueueGiveFromISR
 .text.xQueueGenericReceive
                0x00001b2a      0x158 Source/queue.o
                0x00001b2a                xQueueGenericReceive
 .text.xQueueReceiveFromISR
                0x00001c82       0x66 Source/queue.o
                0x00001c82                xQueueReceiveFromISR
 .text.prvResetNextTaskUnblockTime
                0x00001ce8       0x3e Source/tasks.o
 .text.prvIdleTask
                0x00001d26       0x12 Source/tasks.o
 .text.prvAddCurrentTaskToDelayedList
                0x00001d38       0x6e Source/tasks.o
 .text.xTaskGenericCreate
                0x00001da6      0x212 Source/tasks.o
                0x00001da6                xTaskGenericCreate
 .text.vTaskStartScheduler
                0x00001fb8       0x64 Source/tasks.o
                0x00001fb8                vTaskStartScheduler
 .text.vTaskSuspendAll
                0x0000201c        0xc Source/tasks.o
                0x0000201c                vTaskSuspendAll
 .text.xTaskGetTickCount
                0x00002028       0x14 Source/tasks.o
                0x00002028                xTaskGetTickCount
 .text.xTaskIncrementTick
                0x0000203c      0x17e Source/tasks.o
                0x0000203c                xTaskIncrementTick
 .text.xTaskResumeAll
                0x000021ba      0x106 Source/tasks.o
                0x000021ba                xTaskResumeAll
 .text.vTaskDelayUntil
                0x000022c0       0x84 Source/tasks.o
                0x000022c0                vTaskDelayUntil
 .text.vTaskDelay
                0x00002344       0x40 Source/tasks.o
                0x00002344                vTaskDelay
 .text.vTaskSwitchContext
                0x00002384       0xbc Source/tasks.o
                0x00002384                vTaskSwitchContext
 .text.vTaskSuspend
                0x00002440       0x9e Source/tasks.o
                0x00002440                vTaskSuspend
 .text.vTaskPlaceOnEventList
                0x000024de       0x58 Source/tasks.o
                0x000024de                vTaskPlaceOnEventList
 .text.xTaskRemoveFromEventList
                0x00002536       0x90 Source/tasks.o
                0x00002536                xTaskRemoveFromEventList
 .text.vTaskSetTimeOutState
                0x000025c6       0x16 Source/tasks.o
                0x000025c6                vTaskSetTimeOutState
 .text.xTaskCheckForTimeOut
                0x000025dc       0x72 Source/tasks.o
                0x000025dc                xTaskCheckForTimeOut
 .text.vTaskMissedYield
                0x0000264e        0x8 Source/tasks.o
                0x0000264e                vTaskMissedYield
 .text.libgcc   0x00002656        0xc c:/program files/atmel/atmel toolchain/avr8 gcc/native/3.4.1056/avr8-gnu-toolchain/bin/../lib/gcc/avr/4.8.1/avr5\libgcc.a(_tablejump.o)
                0x00002656                __tablejump2__
                0x0000265a                __tablejump__
 .text.avr-libc
                0x00002662       0x12 c:/program files/atmel/atmel toolchain/avr8 gcc/native/3.4.1056/avr8-gnu-toolchain/bin/../lib/gcc/avr/4.8.1/../../../../avr/lib/avr5\libc.a(memcpy.o)
                0x00002662                memcpy
                0x00002674                . = ALIGN (0x2)
 *(.fini9)
 .fini9         0x00002674        0x0 c:/program files/atmel/atmel toolchain/avr8 gcc/native/3.4.1056/avr8-gnu-toolchain/bin/../lib/gcc/avr/4.8.1/avr5\libgcc.a(_exit.o)
                0x00002674                _exit
                0x00002674                exit
 *(.fini9)
 *(.fini8)
 *(.fini8)
 *(.fini7)
 *(.fini7)
 *(.fini6)
 *(.fini6)
 *(.fini5)
 *(.fini5)
 *(.fini4)
 *(.fini4)
 *(.fini3)
 *(.fini3)
 *(.fini2)
 *(.fini2)
 *(.fini1)
 *(.fini1)
 *(.fini0)
 .fini0         0x00002674        0x4 c:/program files/atmel/atmel toolchain/avr8 gcc/native/3.4.1056/avr8-gnu-toolchain/bin/../lib/gcc/avr/4.8.1/avr5\libgcc.a(_exit.o)
 *(.fini0)
                0x00002678                _etext = .

.data           0x00800100       0x26 load address 0x00002678
                0x00800100                PROVIDE (__data_start, .)
 *(.data)
 .data          0x00800100        0x0 c:/program files/atmel/atmel toolchain/avr8 gcc/native/3.4.1056/avr8-gnu-toolchain/bin/../lib/gcc/avr/4.8.1/../../../../avr/lib/avr5/crtm328p.o
 .data          0x00800100        0x0 commTask.o
 .data          0x00800100        0x0 Drivers/BareBones/BareBonesWHT.o
 .data          0x00800100        0x0 Drivers/BareBones/hdlc/fcs.o
 .data          0x00800100        0x0 Drivers/BareBones/hdlc/hdlc.o
 .data          0x00800100        0x0 Drivers/LED.o
 .data          0x00800100        0x0 Drivers/serial.o
 .data          0x00800100        0x0 Drivers/TWI_Master.o
 .data          0x00800100        0x0 FreeRTOSatmega328p.o
 .data          0x00800100        0x0 mytasks.o
 .data          0x00800100        0x0 sensorTask.o
 .data          0x00800100        0x0 Source/croutine.o
 .data          0x00800100        0x0 Source/event_groups.o
 .data          0x00800100        0x0 Source/list.o
 .data          0x00800100        0x0 Source/portable/GCC/ATmega328p/port.o
 .data          0x00800100        0x0 Source/portable/MemMang/heap_1.o
 .data          0x00800100        0x0 Source/queue.o
 .data          0x00800100        0x0 Source/tasks.o
 .data          0x00800100        0x0 Source/timers.o
 .data          0x00800100        0x0 c:/program files/atmel/atmel toolchain/avr8 gcc/native/3.4.1056/avr8-gnu-toolchain/bin/../lib/gcc/avr/4.8.1/avr5\libgcc.a(_exit.o)
 .data          0x00800100        0x0 c:/program files/atmel/atmel toolchain/avr8 gcc/native/3.4.1056/avr8-gnu-toolchain/bin/../lib/gcc/avr/4.8.1/avr5\libgcc.a(_tablejump.o)
 .data          0x00800100        0x0 c:/program files/atmel/atmel toolchain/avr8 gcc/native/3.4.1056/avr8-gnu-toolchain/bin/../lib/gcc/avr/4.8.1/avr5\libgcc.a(_copy_data.o)
 .data          0x00800100        0x0 c:/program files/atmel/atmel toolchain/avr8 gcc/native/3.4.1056/avr8-gnu-toolchain/bin/../lib/gcc/avr/4.8.1/avr5\libgcc.a(_clear_bss.o)
 .data          0x00800100        0x0 c:/program files/atmel/atmel toolchain/avr8 gcc/native/3.4.1056/avr8-gnu-toolchain/bin/../lib/gcc/avr/4.8.1/../../../../avr/lib/avr5\libc.a(memcpy.o)
 *(.data*)
 .data.TWI_state
                0x00800100        0x1 Drivers/TWI_Master.o
                0x00800100                TWI_state
 *(.rodata)
 *(.rodata*)
 .rodata.str1.1
                0x00800101        0x5 commTask.o
 .rodata.sendComand
                0x00800106       0x10 Drivers/BareBones/BareBonesWHT.o
                0x00800106                sendComand
 .rodata.str1.1
                0x00800116        0x4 FreeRTOSatmega328p.o
 .rodata.str1.1
                0x0080011a        0x7 sensorTask.o
 .rodata.str1.1
                0x00800121        0x5 Source/tasks.o
 *(.gnu.linkonce.d*)
                0x00800126                . = ALIGN (0x2)
                0x00800126                _edata = .
                0x00800126                PROVIDE (__data_end, .)

.bss            0x00800126      0x757
                0x00800126                PROVIDE (__bss_start, .)
 *(.bss)
 *(.bss*)
 .bss.arr.2174  0x00800126       0x40 Drivers/BareBones/BareBonesWHT.o
 .bss.xCharsForTx
                0x00800166        0x2 Drivers/serial.o
 .bss.TWI_bufPtr.1575
                0x00800168        0x1 Drivers/TWI_Master.o
 .bss.TWI_statusReg
                0x00800169        0x1 Drivers/TWI_Master.o
                0x00800169                TWI_statusReg
 .bss.twi_done  0x0080016a        0x1 Drivers/TWI_Master.o
                0x0080016a                twi_done
 .bss.sensorData.1868
                0x0080016b       0x30 sensorTask.o
 .bss.pucAlignedHeap.1869
                0x0080019b        0x2 Source/portable/MemMang/heap_1.o
 .bss.xNextFreeByte
                0x0080019d        0x2 Source/portable/MemMang/heap_1.o
 .bss.ucHeap    0x0080019f      0x5dc Source/portable/MemMang/heap_1.o
 .bss.uxSchedulerSuspended
                0x0080077b        0x1 Source/tasks.o
 .bss.xNextTaskUnblockTime
                0x0080077c        0x2 Source/tasks.o
 .bss.uxTaskNumber
                0x0080077e        0x1 Source/tasks.o
 .bss.xNumOfOverflows
                0x0080077f        0x1 Source/tasks.o
 .bss.xYieldPending
                0x00800780        0x1 Source/tasks.o
 .bss.uxPendedTicks
                0x00800781        0x1 Source/tasks.o
 .bss.xSchedulerRunning
                0x00800782        0x1 Source/tasks.o
 .bss.uxTopReadyPriority
                0x00800783        0x1 Source/tasks.o
 .bss.xTickCount
                0x00800784        0x2 Source/tasks.o
 .bss.uxCurrentNumberOfTasks
                0x00800786        0x1 Source/tasks.o
 .bss.xSuspendedTaskList
                0x00800787        0x9 Source/tasks.o
 .bss.xPendingReadyList
                0x00800790        0x9 Source/tasks.o
 .bss.pxOverflowDelayedTaskList
                0x00800799        0x2 Source/tasks.o
 .bss.pxDelayedTaskList
                0x0080079b        0x2 Source/tasks.o
 .bss.xDelayedTaskList2
                0x0080079d        0x9 Source/tasks.o
 .bss.xDelayedTaskList1
                0x008007a6        0x9 Source/tasks.o
 .bss.pxReadyTasksLists
                0x008007af       0x24 Source/tasks.o
 .bss.pxCurrentTCB
                0x008007d3        0x2 Source/tasks.o
                0x008007d3                pxCurrentTCB
 *(COMMON)
 COMMON         0x008007d5        0x2 commTask.o
                0x008007d5                moteReadySemaphore
 COMMON         0x008007d7       0x95 Drivers/serial.o
                0x008007d7                frameHandle
                0x008007d9                moteData
 COMMON         0x0080086c        0xb Drivers/TWI_Master.o
                0x0080086c                TWI_msgSize
                0x0080086d                TWI_buf
 COMMON         0x00800877        0x6 sensorTask.o
                0x00800877                dataReadySemaphore
                0x00800879                DataToSend
                0x0080087b                xSensorHandle
                0x0080087d                PROVIDE (__bss_end, .)
                0x00002678                __data_load_start = LOADADDR (.data)
                0x0000269e                __data_load_end = (__data_load_start + SIZEOF (.data))

.noinit         0x0080087d        0x0
                0x0080087d                PROVIDE (__noinit_start, .)
 *(.noinit*)
                0x0080087d                PROVIDE (__noinit_end, .)
                0x0080087d                _end = .
                0x0080087d                PROVIDE (__heap_start, .)

.eeprom         0x00810000        0x0
 *(.eeprom*)
                0x00810000                __eeprom_end = .

.fuse
 *(.fuse)
 *(.lfuse)
 *(.hfuse)
 *(.efuse)

.lock
 *(.lock*)

.signature
 *(.signature*)

.user_signatures
 *(.user_signatures*)

.stab
 *(.stab)

.stabstr
 *(.stabstr)

.stab.excl
 *(.stab.excl)

.stab.exclstr
 *(.stab.exclstr)

.stab.index
 *(.stab.index)

.stab.indexstr
 *(.stab.indexstr)

.comment        0x00000000       0x30
 *(.comment)
 .comment       0x00000000       0x30 commTask.o
                                 0x31 (size before relaxing)
 .comment       0x00000000       0x31 Drivers/BareBones/BareBonesWHT.o
 .comment       0x00000000       0x31 Drivers/BareBones/hdlc/fcs.o
 .comment       0x00000000       0x31 Drivers/BareBones/hdlc/hdlc.o
 .comment       0x00000000       0x31 Drivers/LED.o
 .comment       0x00000000       0x31 Drivers/serial.o
 .comment       0x00000000       0x31 Drivers/TWI_Master.o
 .comment       0x00000000       0x31 FreeRTOSatmega328p.o
 .comment       0x00000000       0x31 mytasks.o
 .comment       0x00000000       0x31 sensorTask.o
 .comment       0x00000000       0x31 Source/croutine.o
 .comment       0x00000000       0x31 Source/event_groups.o
 .comment       0x00000000       0x31 Source/list.o
 .comment       0x00000000       0x31 Source/portable/GCC/ATmega328p/port.o
 .comment       0x00000000       0x31 Source/portable/MemMang/heap_1.o
 .comment       0x00000000       0x31 Source/queue.o
 .comment       0x00000000       0x31 Source/tasks.o
 .comment       0x00000000       0x31 Source/timers.o

.note.gnu.build-id
 *(.note.gnu.build-id)

.debug
 *(.debug)

.line
 *(.line)

.debug_srcinfo
 *(.debug_srcinfo)

.debug_sfnames
 *(.debug_sfnames)

.debug_aranges  0x00000000      0x520
 *(.debug_aranges)
 .debug_aranges
                0x00000000       0x28 commTask.o
 .debug_aranges
                0x00000028       0x50 Drivers/BareBones/BareBonesWHT.o
 .debug_aranges
                0x00000078       0x30 Drivers/BareBones/hdlc/fcs.o
 .debug_aranges
                0x000000a8       0x38 Drivers/BareBones/hdlc/hdlc.o
 .debug_aranges
                0x000000e0       0x28 Drivers/LED.o
 .debug_aranges
                0x00000108       0x58 Drivers/serial.o
 .debug_aranges
                0x00000160       0x50 Drivers/TWI_Master.o
 .debug_aranges
                0x000001b0       0x20 FreeRTOSatmega328p.o
 .debug_aranges
                0x000001d0       0x20 mytasks.o
 .debug_aranges
                0x000001f0       0x30 sensorTask.o
 .debug_aranges
                0x00000220       0x18 Source/croutine.o
 .debug_aranges
                0x00000238       0x60 Source/event_groups.o
 .debug_aranges
                0x00000298       0x40 Source/list.o
 .debug_aranges
                0x000002d8       0x48 Source/portable/GCC/ATmega328p/port.o
 .debug_aranges
                0x00000320       0x38 Source/portable/MemMang/heap_1.o
 .debug_aranges
                0x00000358       0xa0 Source/queue.o
 .debug_aranges
                0x000003f8      0x110 Source/tasks.o
 .debug_aranges
                0x00000508       0x18 Source/timers.o

.debug_pubnames
 *(.debug_pubnames)

.debug_info     0x00000000     0x6697
 *(.debug_info .gnu.linkonce.wi.*)
 .debug_info    0x00000000      0x424 commTask.o
 .debug_info    0x00000424      0xe83 Drivers/BareBones/BareBonesWHT.o
 .debug_info    0x000012a7      0x237 Drivers/BareBones/hdlc/fcs.o
 .debug_info    0x000014de      0x48e Drivers/BareBones/hdlc/hdlc.o
 .debug_info    0x0000196c       0x99 Drivers/LED.o
 .debug_info    0x00001a05      0x62b Drivers/serial.o
 .debug_info    0x00002030      0x2a3 Drivers/TWI_Master.o
 .debug_info    0x000022d3      0x274 FreeRTOSatmega328p.o
 .debug_info    0x00002547      0x156 mytasks.o
 .debug_info    0x0000269d      0x691 sensorTask.o
 .debug_info    0x00002d2e       0x64 Source/croutine.o
 .debug_info    0x00002d92      0x934 Source/event_groups.o
 .debug_info    0x000036c6      0x2c6 Source/list.o
 .debug_info    0x0000398c      0x261 Source/portable/GCC/ATmega328p/port.o
 .debug_info    0x00003bed      0x1ad Source/portable/MemMang/heap_1.o
 .debug_info    0x00003d9a      0xf74 Source/queue.o
 .debug_info    0x00004d0e     0x1925 Source/tasks.o
 .debug_info    0x00006633       0x64 Source/timers.o

.debug_abbrev   0x00000000     0x19a4
 *(.debug_abbrev)
 .debug_abbrev  0x00000000      0x156 commTask.o
 .debug_abbrev  0x00000156      0x287 Drivers/BareBones/BareBonesWHT.o
 .debug_abbrev  0x000003dd       0xfd Drivers/BareBones/hdlc/fcs.o
 .debug_abbrev  0x000004da      0x11f Drivers/BareBones/hdlc/hdlc.o
 .debug_abbrev  0x000005f9       0x51 Drivers/LED.o
 .debug_abbrev  0x0000064a      0x20a Drivers/serial.o
 .debug_abbrev  0x00000854      0x1a5 Drivers/TWI_Master.o
 .debug_abbrev  0x000009f9       0xf7 FreeRTOSatmega328p.o
 .debug_abbrev  0x00000af0       0xf7 mytasks.o
 .debug_abbrev  0x00000be7      0x1a8 sensorTask.o
 .debug_abbrev  0x00000d8f       0x26 Source/croutine.o
 .debug_abbrev  0x00000db5      0x26b Source/event_groups.o
 .debug_abbrev  0x00001020       0xf8 Source/list.o
 .debug_abbrev  0x00001118      0x167 Source/portable/GCC/ATmega328p/port.o
 .debug_abbrev  0x0000127f      0x12e Source/portable/MemMang/heap_1.o
 .debug_abbrev  0x000013ad      0x2a0 Source/queue.o
 .debug_abbrev  0x0000164d      0x331 Source/tasks.o
 .debug_abbrev  0x0000197e       0x26 Source/timers.o

.debug_line     0x00000000     0x26f0
 *(.debug_line .debug_line.* .debug_line_end)
 .debug_line    0x00000000      0x1c4 commTask.o
 .debug_line    0x000001c4      0x2dc Drivers/BareBones/BareBonesWHT.o
 .debug_line    0x000004a0      0x106 Drivers/BareBones/hdlc/fcs.o
 .debug_line    0x000005a6      0x16c Drivers/BareBones/hdlc/hdlc.o
 .debug_line    0x00000712       0xb9 Drivers/LED.o
 .debug_line    0x000007cb      0x286 Drivers/serial.o
 .debug_line    0x00000a51      0x1a6 Drivers/TWI_Master.o
 .debug_line    0x00000bf7      0x1a8 FreeRTOSatmega328p.o
 .debug_line    0x00000d9f      0x18e mytasks.o
 .debug_line    0x00000f2d      0x221 sensorTask.o
 .debug_line    0x0000114e       0x1a Source/croutine.o
 .debug_line    0x00001168      0x359 Source/event_groups.o
 .debug_line    0x000014c1      0x1de Source/list.o
 .debug_line    0x0000169f      0x238 Source/portable/GCC/ATmega328p/port.o
 .debug_line    0x000018d7      0x246 Source/portable/MemMang/heap_1.o
 .debug_line    0x00001b1d      0x49d Source/queue.o
 .debug_line    0x00001fba      0x71c Source/tasks.o
 .debug_line    0x000026d6       0x1a Source/timers.o

.debug_frame    0x00000000      0xf7c
 *(.debug_frame)
 .debug_frame   0x00000000       0x68 commTask.o
 .debug_frame   0x00000068      0x124 Drivers/BareBones/BareBonesWHT.o
 .debug_frame   0x0000018c       0x6c Drivers/BareBones/hdlc/fcs.o
 .debug_frame   0x000001f8      0x11c Drivers/BareBones/hdlc/hdlc.o
 .debug_frame   0x00000314       0x34 Drivers/LED.o
 .debug_frame   0x00000348      0x144 Drivers/serial.o
 .debug_frame   0x0000048c       0xb8 Drivers/TWI_Master.o
 .debug_frame   0x00000544       0x24 FreeRTOSatmega328p.o
 .debug_frame   0x00000568       0x34 mytasks.o
 .debug_frame   0x0000059c       0xc0 sensorTask.o
 .debug_frame   0x0000065c      0x158 Source/event_groups.o
 .debug_frame   0x000007b4       0x88 Source/list.o
 .debug_frame   0x0000083c       0x74 Source/portable/GCC/ATmega328p/port.o
 .debug_frame   0x000008b0       0x60 Source/portable/MemMang/heap_1.o
 .debug_frame   0x00000910      0x230 Source/queue.o
 .debug_frame   0x00000b40      0x43c Source/tasks.o

.debug_str      0x00000000     0x186c
 *(.debug_str)
 .debug_str     0x00000000      0x2f1 commTask.o
                                0x33b (size before relaxing)
 .debug_str     0x000002f1      0x280 Drivers/BareBones/BareBonesWHT.o
                                0x466 (size before relaxing)
 .debug_str     0x00000571       0x52 Drivers/BareBones/hdlc/fcs.o
                                0x218 (size before relaxing)
 .debug_str     0x000005c3       0x94 Drivers/BareBones/hdlc/hdlc.o
                                0x2a4 (size before relaxing)
 .debug_str     0x00000657       0x25 Drivers/LED.o
                                0x193 (size before relaxing)
 .debug_str     0x0000067c       0xc8 Drivers/serial.o
                                0x419 (size before relaxing)
 .debug_str     0x00000744      0x112 Drivers/TWI_Master.o
                                0x291 (size before relaxing)
 .debug_str     0x00000856       0x44 FreeRTOSatmega328p.o
                                0x27c (size before relaxing)
 .debug_str     0x0000089a       0x58 mytasks.o
                                0x201 (size before relaxing)
 .debug_str     0x000008f2       0x91 sensorTask.o
                                0x3d8 (size before relaxing)
 .debug_str     0x00000983       0x15 Source/croutine.o
                                0x189 (size before relaxing)
 .debug_str     0x00000998      0x3cc Source/event_groups.o
                                0x5aa (size before relaxing)
 .debug_str     0x00000d64       0x8e Source/list.o
                                0x2bf (size before relaxing)
 .debug_str     0x00000df2      0x103 Source/portable/GCC/ATmega328p/port.o
                                0x2da (size before relaxing)
 .debug_str     0x00000ef5       0x88 Source/portable/MemMang/heap_1.o
                                0x255 (size before relaxing)
 .debug_str     0x00000f7d      0x342 Source/queue.o
                                0x6b0 (size before relaxing)
 .debug_str     0x000012bf      0x59a Source/tasks.o
                                0xb4b (size before relaxing)
 .debug_str     0x00001859       0x13 Source/timers.o
                                0x187 (size before relaxing)

.debug_loc      0x00000000     0x5945
 *(.debug_loc)
 .debug_loc     0x00000000      0x10a commTask.o
 .debug_loc     0x0000010a      0x655 Drivers/BareBones/BareBonesWHT.o
 .debug_loc     0x0000075f      0x345 Drivers/BareBones/hdlc/fcs.o
 .debug_loc     0x00000aa4      0xb31 Drivers/BareBones/hdlc/hdlc.o
 .debug_loc     0x000015d5      0x31d Drivers/serial.o
 .debug_loc     0x000018f2      0x16c Drivers/TWI_Master.o
 .debug_loc     0x00001a5e       0x6e mytasks.o
 .debug_loc     0x00001acc      0x278 sensorTask.o
 .debug_loc     0x00001d44      0xbba Source/event_groups.o
 .debug_loc     0x000028fe      0x155 Source/list.o
 .debug_loc     0x00002a53      0x2ac Source/portable/GCC/ATmega328p/port.o
 .debug_loc     0x00002cff       0xf1 Source/portable/MemMang/heap_1.o
 .debug_loc     0x00002df0     0x10bb Source/queue.o
 .debug_loc     0x00003eab     0x1a9a Source/tasks.o

.debug_macinfo
 *(.debug_macinfo)

.debug_weaknames
 *(.debug_weaknames)

.debug_funcnames
 *(.debug_funcnames)

.debug_typenames
 *(.debug_typenames)

.debug_varnames
 *(.debug_varnames)

.debug_pubtypes
 *(.debug_pubtypes)

.debug_ranges   0x00000000      0x480
 *(.debug_ranges)
 .debug_ranges  0x00000000       0x18 commTask.o
 .debug_ranges  0x00000018       0x70 Drivers/BareBones/BareBonesWHT.o
 .debug_ranges  0x00000088       0x20 Drivers/BareBones/hdlc/fcs.o
 .debug_ranges  0x000000a8       0x28 Drivers/BareBones/hdlc/hdlc.o
 .debug_ranges  0x000000d0       0x18 Drivers/LED.o
 .debug_ranges  0x000000e8       0x48 Drivers/serial.o
 .debug_ranges  0x00000130       0x40 Drivers/TWI_Master.o
 .debug_ranges  0x00000170       0x10 FreeRTOSatmega328p.o
 .debug_ranges  0x00000180       0x10 mytasks.o
 .debug_ranges  0x00000190       0x20 sensorTask.o
 .debug_ranges  0x000001b0       0x68 Source/event_groups.o
 .debug_ranges  0x00000218       0x30 Source/list.o
 .debug_ranges  0x00000248       0x38 Source/portable/GCC/ATmega328p/port.o
 .debug_ranges  0x00000280       0x28 Source/portable/MemMang/heap_1.o
 .debug_ranges  0x000002a8       0x90 Source/queue.o
 .debug_ranges  0x00000338      0x148 Source/tasks.o

.debug_macro
 *(.debug_macro)
OUTPUT(FreeRTOSatmega328p.elf elf32-avr)
LOAD linker stubs
